  problem #01.cpp
  problem #02.cpp
C:\Users\Lenovo\Desktop\Folders\Programming\course 5 mySolution\course 5 - mySolution\problem #02.cpp(22,8): warning C4244: 'initializing': conversion from 'double' to 'int', possible loss of data
  problem #03.cpp
  problem #04.cpp
  problem #05.cpp
  problem #06.cpp
  problem #07.cpp
  problem #08.cpp
  problem #09.cpp
  problem #10.cpp
  problem #11.cpp
  problem #12.cpp
  problem #13.cpp
  problem #14.cpp
  problem #15.cpp
  problem #16.cpp
  problem #17.cpp
  problem #18.cpp
C:\Users\Lenovo\Desktop\Folders\Programming\course 5 mySolution\course 5 - mySolution\problem #18.cpp(17,20): warning C4018: '<=': signed/unsigned mismatch
C:\Users\Lenovo\Desktop\Folders\Programming\course 5 mySolution\course 5 - mySolution\problem #18.cpp(26,20): warning C4018: '<=': signed/unsigned mismatch
  problem #19.cpp
  problem #20.cpp
  Generating Code...
  Compiling...
  problem #21.cpp
  problem #22.cpp
  problem #23.cpp
  problem #24.cpp
  problem #25.cpp
  problem #26.cpp
  problem #27.cpp
  problem #28.cpp
  problem #29.cpp
C:\Users\Lenovo\Desktop\Folders\Programming\course 5 mySolution\course 5 - mySolution\problem #29.cpp(35,8): warning C4244: 'initializing': conversion from 'double' to 'int', possible loss of data
  problem #30.cpp
  problem #31.cpp
  problem #32.cpp
  problem #33.cpp
  problem #34.cpp
  problem #35.cpp
  problem #36.cpp
  problem #37.cpp
  problem #38.cpp
  problem #39.cpp
C:\Users\Lenovo\Desktop\Folders\Programming\course 5 mySolution\course 5 - mySolution\problem #39.cpp(12,8): warning C4244: 'initializing': conversion from 'double' to 'int', possible loss of data
  problem #40.cpp
  Generating Code...
C:\Users\Lenovo\Desktop\Folders\Programming\course 5 mySolution\course 5 - mySolution\problem #39.cpp(26,1): warning C4715: 'CheckPrime': not all control paths return a value
  Compiling...
  problem #41.cpp
  problem #42.cpp
  problem #43.cpp
  problem #44.cpp
  problem #45.cpp
  problem #46.cpp
C:\Users\Lenovo\Desktop\Folders\Programming\course 5 mySolution\course 5 - mySolution\problem #46.cpp(22,10): warning C4244: 'return': conversion from 'float' to 'int', possible loss of data
C:\Users\Lenovo\Desktop\Folders\Programming\course 5 mySolution\course 5 - mySolution\problem #46.cpp(26,17): warning C4244: 'return': conversion from 'float' to 'int', possible loss of data
C:\Users\Lenovo\Desktop\Folders\Programming\course 5 mySolution\course 5 - mySolution\problem #46.cpp(34,31): warning C4244: 'argument': conversion from 'int' to 'float', possible loss of data
  problem #47.cpp
  problem #48.cpp
C:\Users\Lenovo\Desktop\Folders\Programming\course 5 mySolution\course 5 - mySolution\problem #48.cpp(21,21): warning C4552: '-': result of expression not used
  problem #49.cpp
C:\Users\Lenovo\Desktop\Folders\Programming\course 5 mySolution\course 5 - mySolution\problem #49.cpp(33,16): warning C4244: 'return': conversion from 'float' to 'int', possible loss of data
  problem #50.cpp
C:\Users\Lenovo\Desktop\Folders\Programming\course 5 mySolution\course 5 - mySolution\problem #50.cpp(15,15): warning C4244: 'return': conversion from 'double' to 'float', possible loss of data
  Generating Code...
C:\Users\Lenovo\Desktop\Folders\Programming\course 5 mySolution\course 5 - mySolution\problem #48.cpp(23,1): warning C4715: 'MyFloor': not all control paths return a value
problem #02.obj : error LNK2005: _main already defined in problem #01.obj
problem #03.obj : error LNK2005: _main already defined in problem #01.obj
problem #04.obj : error LNK2005: "int __cdecl ReadPositiveNumber(class std::basic_string<char,struct std::char_traits<char>,class std::allocator<char> >)" (?ReadPositiveNumber@@YAHV?$basic_string@DU?$char_traits@D@std@@V?$allocator@D@2@@std@@@Z) already defined in problem #03.obj
problem #04.obj : error LNK2005: _main already defined in problem #01.obj
problem #05.obj : error LNK2005: "int __cdecl ReadPositiveNumber(class std::basic_string<char,struct std::char_traits<char>,class std::allocator<char> >)" (?ReadPositiveNumber@@YAHV?$basic_string@DU?$char_traits@D@std@@V?$allocator@D@2@@std@@@Z) already defined in problem #03.obj
problem #05.obj : error LNK2005: _main already defined in problem #01.obj
problem #06.obj : error LNK2005: "int __cdecl ReadPositiveNumber(class std::basic_string<char,struct std::char_traits<char>,class std::allocator<char> >)" (?ReadPositiveNumber@@YAHV?$basic_string@DU?$char_traits@D@std@@V?$allocator@D@2@@std@@@Z) already defined in problem #03.obj
problem #06.obj : error LNK2005: _main already defined in problem #01.obj
problem #07.obj : error LNK2005: "int __cdecl ReadPositiveNumber(class std::basic_string<char,struct std::char_traits<char>,class std::allocator<char> >)" (?ReadPositiveNumber@@YAHV?$basic_string@DU?$char_traits@D@std@@V?$allocator@D@2@@std@@@Z) already defined in problem #03.obj
problem #07.obj : error LNK2005: _main already defined in problem #01.obj
problem #08.obj : error LNK2005: "int __cdecl ReadPositiveNumber(class std::basic_string<char,struct std::char_traits<char>,class std::allocator<char> >)" (?ReadPositiveNumber@@YAHV?$basic_string@DU?$char_traits@D@std@@V?$allocator@D@2@@std@@@Z) already defined in problem #03.obj
problem #08.obj : error LNK2005: _main already defined in problem #01.obj
problem #09.obj : error LNK2005: "int __cdecl CountDigitFreq(int,int)" (?CountDigitFreq@@YAHHH@Z) already defined in problem #08.obj
problem #09.obj : error LNK2005: "int __cdecl ReadPositiveNumber(class std::basic_string<char,struct std::char_traits<char>,class std::allocator<char> >)" (?ReadPositiveNumber@@YAHV?$basic_string@DU?$char_traits@D@std@@V?$allocator@D@2@@std@@@Z) already defined in problem #03.obj
problem #09.obj : error LNK2005: _main already defined in problem #01.obj
problem #10.obj : error LNK2005: "void __cdecl PrintDigits(int)" (?PrintDigits@@YAXH@Z) already defined in problem #05.obj
problem #10.obj : error LNK2005: "int __cdecl ReadPositiveNumber(class std::basic_string<char,struct std::char_traits<char>,class std::allocator<char> >)" (?ReadPositiveNumber@@YAHV?$basic_string@DU?$char_traits@D@std@@V?$allocator@D@2@@std@@@Z) already defined in problem #03.obj
problem #10.obj : error LNK2005: _main already defined in problem #01.obj
problem #11.obj : error LNK2005: _main already defined in problem #01.obj
problem #12.obj : error LNK2005: "int __cdecl ReadPostiveNumber(class std::basic_string<char,struct std::char_traits<char>,class std::allocator<char> >)" (?ReadPostiveNumber@@YAHV?$basic_string@DU?$char_traits@D@std@@V?$allocator@D@2@@std@@@Z) already defined in problem #02.obj
problem #12.obj : error LNK2005: _main already defined in problem #01.obj
problem #13.obj : error LNK2005: "void __cdecl PrintInvertedNumberPattern(int)" (?PrintInvertedNumberPattern@@YAXH@Z) already defined in problem #12.obj
problem #13.obj : error LNK2005: "int __cdecl ReadPostiveNumber(class std::basic_string<char,struct std::char_traits<char>,class std::allocator<char> >)" (?ReadPostiveNumber@@YAHV?$basic_string@DU?$char_traits@D@std@@V?$allocator@D@2@@std@@@Z) already defined in problem #02.obj
problem #13.obj : error LNK2005: _main already defined in problem #01.obj
problem #14.obj : error LNK2005: "void __cdecl PrintInvertedNumberPattern(int)" (?PrintInvertedNumberPattern@@YAXH@Z) already defined in problem #12.obj
problem #14.obj : error LNK2005: "int __cdecl ReadPostiveNumber(class std::basic_string<char,struct std::char_traits<char>,class std::allocator<char> >)" (?ReadPostiveNumber@@YAHV?$basic_string@DU?$char_traits@D@std@@V?$allocator@D@2@@std@@@Z) already defined in problem #02.obj
problem #14.obj : error LNK2005: _main already defined in problem #01.obj
problem #15.obj : error LNK2005: "int __cdecl ReadPostiveNumber(class std::basic_string<char,struct std::char_traits<char>,class std::allocator<char> >)" (?ReadPostiveNumber@@YAHV?$basic_string@DU?$char_traits@D@std@@V?$allocator@D@2@@std@@@Z) already defined in problem #02.obj
problem #15.obj : error LNK2005: _main already defined in problem #01.obj
problem #16.obj : error LNK2005: _main already defined in problem #01.obj
problem #17.obj : error LNK2005: _main already defined in problem #01.obj
problem #18.obj : error LNK2005: _main already defined in problem #01.obj
problem #19.obj : error LNK2005: _main already defined in problem #01.obj
problem #20.obj : error LNK2005: "int __cdecl RandomNumber(int,int)" (?RandomNumber@@YAHHH@Z) already defined in problem #19.obj
problem #20.obj : error LNK2005: _main already defined in problem #01.obj
problem #21.obj : error LNK2005: "class std::basic_string<char,struct std::char_traits<char>,class std::allocator<char> > __cdecl ColumSperator(int)" (?ColumSperator@@YA?AV?$basic_string@DU?$char_traits@D@std@@V?$allocator@D@2@@std@@H@Z) already defined in problem #01.obj
problem #21.obj : error LNK2005: "char __cdecl GetRandomCharacter(enum enRadom)" (?GetRandomCharacter@@YADW4enRadom@@@Z) already defined in problem #20.obj
problem #21.obj : error LNK2005: "int __cdecl RandomNumber(int,int)" (?RandomNumber@@YAHHH@Z) already defined in problem #19.obj
problem #21.obj : error LNK2005: _main already defined in problem #01.obj
problem #22.obj : error LNK2005: _main already defined in problem #01.obj
problem #23.obj : error LNK2005: "int __cdecl RandomNumber(int,int)" (?RandomNumber@@YAHHH@Z) already defined in problem #19.obj
problem #23.obj : error LNK2005: _main already defined in problem #01.obj
problem #24.obj : error LNK2005: "void __cdecl PrintArray(int * const,int)" (?PrintArray@@YAXQAHH@Z) already defined in problem #22.obj
problem #24.obj : error LNK2005: "int __cdecl RandomNumber(int,int)" (?RandomNumber@@YAHHH@Z) already defined in problem #19.obj
problem #24.obj : error LNK2005: _main already defined in problem #01.obj
problem #25.obj : error LNK2005: "void __cdecl FillArrayElement(int * const,int &)" (?FillArrayElement@@YAXQAHAAH@Z) already defined in problem #24.obj
problem #25.obj : error LNK2005: "void __cdecl PrintArray(int * const,int)" (?PrintArray@@YAXQAHH@Z) already defined in problem #22.obj
problem #25.obj : error LNK2005: "int __cdecl RandomNumber(int,int)" (?RandomNumber@@YAHHH@Z) already defined in problem #19.obj
problem #25.obj : error LNK2005: _main already defined in problem #01.obj
problem #26.obj : error LNK2005: "void __cdecl FillArrayElement(int * const,int &)" (?FillArrayElement@@YAXQAHAAH@Z) already defined in problem #24.obj
problem #26.obj : error LNK2005: "void __cdecl PrintArray(int * const,int)" (?PrintArray@@YAXQAHH@Z) already defined in problem #22.obj
problem #26.obj : error LNK2005: "int __cdecl RandomNumber(int,int)" (?RandomNumber@@YAHHH@Z) already defined in problem #19.obj
problem #26.obj : error LNK2005: _main already defined in problem #01.obj
problem #27.obj : error LNK2005: "void __cdecl FillArrayElement(int * const,int &)" (?FillArrayElement@@YAXQAHAAH@Z) already defined in problem #24.obj
problem #27.obj : error LNK2005: "void __cdecl PrintArray(int * const,int)" (?PrintArray@@YAXQAHH@Z) already defined in problem #22.obj
problem #27.obj : error LNK2005: "int __cdecl RandomNumber(int,int)" (?RandomNumber@@YAHHH@Z) already defined in problem #19.obj
problem #27.obj : error LNK2005: _main already defined in problem #01.obj
problem #28.obj : error LNK2005: "void __cdecl FillArrayElement(int * const,int &)" (?FillArrayElement@@YAXQAHAAH@Z) already defined in problem #24.obj
problem #28.obj : error LNK2005: "void __cdecl PrintArray(int * const,int)" (?PrintArray@@YAXQAHH@Z) already defined in problem #22.obj
problem #28.obj : error LNK2005: "int __cdecl RandomNumber(int,int)" (?RandomNumber@@YAHHH@Z) already defined in problem #19.obj
problem #28.obj : error LNK2005: _main already defined in problem #01.obj
problem #29.obj : error LNK2005: "void __cdecl FillArrayElement(int * const,int &)" (?FillArrayElement@@YAXQAHAAH@Z) already defined in problem #24.obj
problem #29.obj : error LNK2005: "void __cdecl PrintArray(int * const,int)" (?PrintArray@@YAXQAHH@Z) already defined in problem #22.obj
problem #29.obj : error LNK2005: "int __cdecl RandomNumber(int,int)" (?RandomNumber@@YAHHH@Z) already defined in problem #19.obj
problem #29.obj : error LNK2005: _main already defined in problem #01.obj
problem #30.obj : error LNK2005: "void __cdecl PrintArray(int * const,int)" (?PrintArray@@YAXQAHH@Z) already defined in problem #22.obj
problem #30.obj : error LNK2005: "int __cdecl RandomNumber(int,int)" (?RandomNumber@@YAHHH@Z) already defined in problem #19.obj
problem #30.obj : error LNK2005: _main already defined in problem #01.obj
problem #31.obj : error LNK2005: "void __cdecl PrintArray(int * const,int)" (?PrintArray@@YAXQAHH@Z) already defined in problem #22.obj
problem #31.obj : error LNK2005: "int __cdecl RandomNumber(int,int)" (?RandomNumber@@YAHHH@Z) already defined in problem #19.obj
problem #31.obj : error LNK2005: "int __cdecl ReadPositiveNumber(class std::basic_string<char,struct std::char_traits<char>,class std::allocator<char> >)" (?ReadPositiveNumber@@YAHV?$basic_string@DU?$char_traits@D@std@@V?$allocator@D@2@@std@@@Z) already defined in problem #03.obj
problem #31.obj : error LNK2005: _main already defined in problem #01.obj
problem #32.obj : error LNK2005: "void __cdecl CopyNumber(int * const,int * const,int)" (?CopyNumber@@YAXQAH0H@Z) already defined in problem #28.obj
problem #32.obj : error LNK2005: "void __cdecl FillArrayElement(int * const,int &)" (?FillArrayElement@@YAXQAHAAH@Z) already defined in problem #24.obj
problem #32.obj : error LNK2005: "void __cdecl PrintArray(int * const,int)" (?PrintArray@@YAXQAHH@Z) already defined in problem #22.obj
problem #32.obj : error LNK2005: "int __cdecl RandomNumber(int,int)" (?RandomNumber@@YAHHH@Z) already defined in problem #19.obj
problem #32.obj : error LNK2005: _main already defined in problem #01.obj
problem #33.obj : error LNK2005: "int __cdecl ChoiceTypeOfWord(class std::basic_string<char,struct std::char_traits<char>,class std::allocator<char> >)" (?ChoiceTypeOfWord@@YAHV?$basic_string@DU?$char_traits@D@std@@V?$allocator@D@2@@std@@@Z) already defined in problem #21.obj
problem #33.obj : error LNK2005: "class std::basic_string<char,struct std::char_traits<char>,class std::allocator<char> > __cdecl ColumSperator(int)" (?ColumSperator@@YA?AV?$basic_string@DU?$char_traits@D@std@@V?$allocator@D@2@@std@@H@Z) already defined in problem #01.obj
problem #33.obj : error LNK2005: "void __cdecl FillArrayElement(int * const,int &)" (?FillArrayElement@@YAXQAHAAH@Z) already defined in problem #24.obj
problem #33.obj : error LNK2005: "void __cdecl GenerateKeys(int,enum enRadom)" (?GenerateKeys@@YAXHW4enRadom@@@Z) already defined in problem #21.obj
problem #33.obj : error LNK2005: "class std::basic_string<char,struct std::char_traits<char>,class std::allocator<char> > __cdecl Generatekey(enum enRadom)" (?Generatekey@@YA?AV?$basic_string@DU?$char_traits@D@std@@V?$allocator@D@2@@std@@W4enRadom@@@Z) already defined in problem #21.obj
problem #33.obj : error LNK2005: "class std::basic_string<char,struct std::char_traits<char>,class std::allocator<char> > __cdecl GeranteWord(enum enRadom,short)" (?GeranteWord@@YA?AV?$basic_string@DU?$char_traits@D@std@@V?$allocator@D@2@@std@@W4enRadom@@F@Z) already defined in problem #21.obj
problem #33.obj : error LNK2005: "char __cdecl GetRandomCharacter(enum enRadom)" (?GetRandomCharacter@@YADW4enRadom@@@Z) already defined in problem #20.obj
problem #33.obj : error LNK2005: "int __cdecl RandomNumber(int,int)" (?RandomNumber@@YAHHH@Z) already defined in problem #19.obj
problem #33.obj : error LNK2005: "int __cdecl ReadNumber(class std::basic_string<char,struct std::char_traits<char>,class std::allocator<char> >)" (?ReadNumber@@YAHV?$basic_string@DU?$char_traits@D@std@@V?$allocator@D@2@@std@@@Z) already defined in problem #21.obj
problem #33.obj : error LNK2005: _main already defined in problem #01.obj
problem #34.obj : error LNK2005: "void __cdecl FillArrayElement(int * const,int)" (?FillArrayElement@@YAXQAHH@Z) already defined in problem #31.obj
problem #34.obj : error LNK2005: "int __cdecl RandomNumber(int,int)" (?RandomNumber@@YAHHH@Z) already defined in problem #19.obj
problem #34.obj : error LNK2005: "int __cdecl ReadNumber(class std::basic_string<char,struct std::char_traits<char>,class std::allocator<char> >)" (?ReadNumber@@YAHV?$basic_string@DU?$char_traits@D@std@@V?$allocator@D@2@@std@@@Z) already defined in problem #21.obj
problem #34.obj : error LNK2005: _main already defined in problem #01.obj
problem #35.obj : error LNK2005: "void __cdecl FillArrayElement(int * const,int)" (?FillArrayElement@@YAXQAHH@Z) already defined in problem #31.obj
problem #35.obj : error LNK2005: "int __cdecl FindNumberPosition(int * const,int,int)" (?FindNumberPosition@@YAHQAHHH@Z) already defined in problem #34.obj
problem #35.obj : error LNK2005: "int __cdecl RandomNumber(int,int)" (?RandomNumber@@YAHHH@Z) already defined in problem #19.obj
problem #35.obj : error LNK2005: "int __cdecl ReadNumber(class std::basic_string<char,struct std::char_traits<char>,class std::allocator<char> >)" (?ReadNumber@@YAHV?$basic_string@DU?$char_traits@D@std@@V?$allocator@D@2@@std@@@Z) already defined in problem #21.obj
problem #35.obj : error LNK2005: "void __cdecl printarray(int * const,int)" (?printarray@@YAXQAHH@Z) already defined in problem #34.obj
problem #35.obj : error LNK2005: _main already defined in problem #01.obj
problem #36.obj : error LNK2005: "void __cdecl PrintArray(int * const,int)" (?PrintArray@@YAXQAHH@Z) already defined in problem #22.obj
problem #36.obj : error LNK2005: _main already defined in problem #01.obj
problem #37.obj : error LNK2005: "void __cdecl FillArrayElement(int * const,int)" (?FillArrayElement@@YAXQAHH@Z) already defined in problem #31.obj
problem #37.obj : error LNK2005: "int __cdecl RandomNumber(int,int)" (?RandomNumber@@YAHHH@Z) already defined in problem #19.obj
problem #37.obj : error LNK2005: "int __cdecl ReadNumber(class std::basic_string<char,struct std::char_traits<char>,class std::allocator<char> >)" (?ReadNumber@@YAHV?$basic_string@DU?$char_traits@D@std@@V?$allocator@D@2@@std@@@Z) already defined in problem #21.obj
problem #37.obj : error LNK2005: "void __cdecl printarray(int * const,int)" (?printarray@@YAXQAHH@Z) already defined in problem #34.obj
problem #37.obj : error LNK2005: _main already defined in problem #01.obj
problem #38.obj : error LNK2005: "void __cdecl AddArrayNumbers(int,int * const,int &)" (?AddArrayNumbers@@YAXHQAHAAH@Z) already defined in problem #37.obj
problem #38.obj : error LNK2005: "void __cdecl FillArrayElement(int * const,int)" (?FillArrayElement@@YAXQAHH@Z) already defined in problem #31.obj
problem #38.obj : error LNK2005: "int __cdecl RandomNumber(int,int)" (?RandomNumber@@YAHHH@Z) already defined in problem #19.obj
problem #38.obj : error LNK2005: "int __cdecl ReadNumber(class std::basic_string<char,struct std::char_traits<char>,class std::allocator<char> >)" (?ReadNumber@@YAHV?$basic_string@DU?$char_traits@D@std@@V?$allocator@D@2@@std@@@Z) already defined in problem #21.obj
problem #38.obj : error LNK2005: "void __cdecl printarray(int * const,int)" (?printarray@@YAXQAHH@Z) already defined in problem #34.obj
problem #38.obj : error LNK2005: _main already defined in problem #01.obj
problem #39.obj : error LNK2005: "void __cdecl AddArrayNumbers(int,int * const,int &)" (?AddArrayNumbers@@YAXHQAHAAH@Z) already defined in problem #37.obj
problem #39.obj : error LNK2005: "void __cdecl FillArrayElement(int * const,int)" (?FillArrayElement@@YAXQAHH@Z) already defined in problem #31.obj
problem #39.obj : error LNK2005: "int __cdecl RandomNumber(int,int)" (?RandomNumber@@YAHHH@Z) already defined in problem #19.obj
problem #39.obj : error LNK2005: "int __cdecl ReadNumber(class std::basic_string<char,struct std::char_traits<char>,class std::allocator<char> >)" (?ReadNumber@@YAHV?$basic_string@DU?$char_traits@D@std@@V?$allocator@D@2@@std@@@Z) already defined in problem #21.obj
problem #39.obj : error LNK2005: "void __cdecl printarray(int * const,int)" (?printarray@@YAXQAHH@Z) already defined in problem #34.obj
problem #39.obj : error LNK2005: _main already defined in problem #01.obj
problem #40.obj : error LNK2005: "void __cdecl AddArrayNumbers(int,int * const,int &)" (?AddArrayNumbers@@YAXHQAHAAH@Z) already defined in problem #37.obj
problem #40.obj : error LNK2005: "void __cdecl printarray(int * const,int)" (?printarray@@YAXQAHH@Z) already defined in problem #34.obj
problem #40.obj : error LNK2005: _main already defined in problem #01.obj
problem #41.obj : error LNK2005: "void __cdecl FillArray(int * const,int &)" (?FillArray@@YAXQAHAAH@Z) already defined in problem #40.obj
problem #41.obj : error LNK2005: "void __cdecl printarray(int * const,int)" (?printarray@@YAXQAHH@Z) already defined in problem #34.obj
problem #41.obj : error LNK2005: _main already defined in problem #01.obj
problem #42.obj : error LNK2005: "int __cdecl RandomNumber(int,int)" (?RandomNumber@@YAHHH@Z) already defined in problem #19.obj
problem #42.obj : error LNK2005: "void __cdecl printarray(int * const,int)" (?printarray@@YAXQAHH@Z) already defined in problem #34.obj
problem #42.obj : error LNK2005: _main already defined in problem #01.obj
problem #43.obj : error LNK2005: "int __cdecl RandomNumber(int,int)" (?RandomNumber@@YAHHH@Z) already defined in problem #19.obj
problem #43.obj : error LNK2005: "void __cdecl fillarraywithRandomNumber(int * const,int &)" (?fillarraywithRandomNumber@@YAXQAHAAH@Z) already defined in problem #42.obj
problem #43.obj : error LNK2005: "void __cdecl printarray(int * const,int)" (?printarray@@YAXQAHH@Z) already defined in problem #34.obj
problem #43.obj : error LNK2005: _main already defined in problem #01.obj
problem #44.obj : error LNK2005: "int __cdecl RandomNumber(int,int)" (?RandomNumber@@YAHHH@Z) already defined in problem #19.obj
problem #44.obj : error LNK2005: "void __cdecl fillarraywithRandomNumber(int * const,int &)" (?fillarraywithRandomNumber@@YAXQAHAAH@Z) already defined in problem #42.obj
problem #44.obj : error LNK2005: "void __cdecl printarray(int * const,int)" (?printarray@@YAXQAHH@Z) already defined in problem #34.obj
problem #44.obj : error LNK2005: _main already defined in problem #01.obj
problem #45.obj : error LNK2005: "int __cdecl RandomNumber(int,int)" (?RandomNumber@@YAHHH@Z) already defined in problem #19.obj
problem #45.obj : error LNK2005: "void __cdecl fillarraywithRandomNumber(int * const,int &)" (?fillarraywithRandomNumber@@YAXQAHAAH@Z) already defined in problem #42.obj
problem #45.obj : error LNK2005: "void __cdecl printarray(int * const,int)" (?printarray@@YAXQAHH@Z) already defined in problem #34.obj
problem #45.obj : error LNK2005: _main already defined in problem #01.obj
problem #46.obj : error LNK2005: "int __cdecl ReadNumber(class std::basic_string<char,struct std::char_traits<char>,class std::allocator<char> >)" (?ReadNumber@@YAHV?$basic_string@DU?$char_traits@D@std@@V?$allocator@D@2@@std@@@Z) already defined in problem #21.obj
problem #46.obj : error LNK2005: _main already defined in problem #01.obj
problem #47.obj : error LNK2005: _main already defined in problem #01.obj
problem #48.obj : error LNK2005: "float __cdecl ReadNumber(class std::basic_string<char,struct std::char_traits<char>,class std::allocator<char> >)" (?ReadNumber@@YAMV?$basic_string@DU?$char_traits@D@std@@V?$allocator@D@2@@std@@@Z) already defined in problem #47.obj
problem #48.obj : error LNK2005: _main already defined in problem #01.obj
problem #49.obj : error LNK2005: "float __cdecl GetFractionPart(float)" (?GetFractionPart@@YAMM@Z) already defined in problem #47.obj
problem #49.obj : error LNK2005: "float __cdecl ReadNumber(class std::basic_string<char,struct std::char_traits<char>,class std::allocator<char> >)" (?ReadNumber@@YAMV?$basic_string@DU?$char_traits@D@std@@V?$allocator@D@2@@std@@@Z) already defined in problem #47.obj
problem #49.obj : error LNK2005: _main already defined in problem #01.obj
problem #50.obj : error LNK2005: "float __cdecl ReadNumber(class std::basic_string<char,struct std::char_traits<char>,class std::allocator<char> >)" (?ReadNumber@@YAMV?$basic_string@DU?$char_traits@D@std@@V?$allocator@D@2@@std@@@Z) already defined in problem #47.obj
problem #50.obj : error LNK2005: _main already defined in problem #01.obj
MSVCRTD.lib(exe_winmain.obj) : error LNK2019: unresolved external symbol _WinMain@16 referenced in function "int __cdecl invoke_main(void)" (?invoke_main@@YAHXZ)
C:\Users\Lenovo\Desktop\Folders\Programming\course 5 mySolution\course 5 - mySolution\Debug\mysolution.exe : fatal error LNK1120: 1 unresolved externals
